Archive member included to satisfy reference by file (symbol)

C:/ST/STM32CubeIDE_1.15.1/STM32CubeIDE/plugins/com.st.stm32cube.ide.mcu.externaltools.gnu-tools-for-stm32.12.3.rel1.win32_1.0.100.202403111256/tools/bin/../lib/gcc/arm-none-eabi/12.3.1/../../../../arm-none-eabi/lib/thumb/v7e-m+dp/hard\libc_nano.a(libc_a-exit.o)
                              C:/ST/STM32CubeIDE_1.15.1/STM32CubeIDE/plugins/com.st.stm32cube.ide.mcu.externaltools.gnu-tools-for-stm32.12.3.rel1.win32_1.0.100.202403111256/tools/bin/../lib/gcc/arm-none-eabi/12.3.1/../../../../arm-none-eabi/lib/thumb/v7e-m+dp/hard/crt0.o (exit)
C:/ST/STM32CubeIDE_1.15.1/STM32CubeIDE/plugins/com.st.stm32cube.ide.mcu.externaltools.gnu-tools-for-stm32.12.3.rel1.win32_1.0.100.202403111256/tools/bin/../lib/gcc/arm-none-eabi/12.3.1/../../../../arm-none-eabi/lib/thumb/v7e-m+dp/hard\libc_nano.a(libc_a-findfp.o)
                              C:/ST/STM32CubeIDE_1.15.1/STM32CubeIDE/plugins/com.st.stm32cube.ide.mcu.externaltools.gnu-tools-for-stm32.12.3.rel1.win32_1.0.100.202403111256/tools/bin/../lib/gcc/arm-none-eabi/12.3.1/../../../../arm-none-eabi/lib/thumb/v7e-m+dp/hard\libc_nano.a(libc_a-exit.o) (__stdio_exit_handler)
C:/ST/STM32CubeIDE_1.15.1/STM32CubeIDE/plugins/com.st.stm32cube.ide.mcu.externaltools.gnu-tools-for-stm32.12.3.rel1.win32_1.0.100.202403111256/tools/bin/../lib/gcc/arm-none-eabi/12.3.1/../../../../arm-none-eabi/lib/thumb/v7e-m+dp/hard\libc_nano.a(libc_a-fwalk.o)
                              C:/ST/STM32CubeIDE_1.15.1/STM32CubeIDE/plugins/com.st.stm32cube.ide.mcu.externaltools.gnu-tools-for-stm32.12.3.rel1.win32_1.0.100.202403111256/tools/bin/../lib/gcc/arm-none-eabi/12.3.1/../../../../arm-none-eabi/lib/thumb/v7e-m+dp/hard\libc_nano.a(libc_a-findfp.o) (_fwalk_sglue)
C:/ST/STM32CubeIDE_1.15.1/STM32CubeIDE/plugins/com.st.stm32cube.ide.mcu.externaltools.gnu-tools-for-stm32.12.3.rel1.win32_1.0.100.202403111256/tools/bin/../lib/gcc/arm-none-eabi/12.3.1/../../../../arm-none-eabi/lib/thumb/v7e-m+dp/hard\libc_nano.a(libc_a-stdio.o)
                              C:/ST/STM32CubeIDE_1.15.1/STM32CubeIDE/plugins/com.st.stm32cube.ide.mcu.externaltools.gnu-tools-for-stm32.12.3.rel1.win32_1.0.100.202403111256/tools/bin/../lib/gcc/arm-none-eabi/12.3.1/../../../../arm-none-eabi/lib/thumb/v7e-m+dp/hard\libc_nano.a(libc_a-findfp.o) (__sread)
C:/ST/STM32CubeIDE_1.15.1/STM32CubeIDE/plugins/com.st.stm32cube.ide.mcu.externaltools.gnu-tools-for-stm32.12.3.rel1.win32_1.0.100.202403111256/tools/bin/../lib/gcc/arm-none-eabi/12.3.1/../../../../arm-none-eabi/lib/thumb/v7e-m+dp/hard\libc_nano.a(libc_a-memset.o)
                              C:/ST/STM32CubeIDE_1.15.1/STM32CubeIDE/plugins/com.st.stm32cube.ide.mcu.externaltools.gnu-tools-for-stm32.12.3.rel1.win32_1.0.100.202403111256/tools/bin/../lib/gcc/arm-none-eabi/12.3.1/../../../../arm-none-eabi/lib/thumb/v7e-m+dp/hard/crt0.o (memset)
C:/ST/STM32CubeIDE_1.15.1/STM32CubeIDE/plugins/com.st.stm32cube.ide.mcu.externaltools.gnu-tools-for-stm32.12.3.rel1.win32_1.0.100.202403111256/tools/bin/../lib/gcc/arm-none-eabi/12.3.1/../../../../arm-none-eabi/lib/thumb/v7e-m+dp/hard\libc_nano.a(libc_a-closer.o)
                              C:/ST/STM32CubeIDE_1.15.1/STM32CubeIDE/plugins/com.st.stm32cube.ide.mcu.externaltools.gnu-tools-for-stm32.12.3.rel1.win32_1.0.100.202403111256/tools/bin/../lib/gcc/arm-none-eabi/12.3.1/../../../../arm-none-eabi/lib/thumb/v7e-m+dp/hard\libc_nano.a(libc_a-stdio.o) (_close_r)
C:/ST/STM32CubeIDE_1.15.1/STM32CubeIDE/plugins/com.st.stm32cube.ide.mcu.externaltools.gnu-tools-for-stm32.12.3.rel1.win32_1.0.100.202403111256/tools/bin/../lib/gcc/arm-none-eabi/12.3.1/../../../../arm-none-eabi/lib/thumb/v7e-m+dp/hard\libc_nano.a(libc_a-reent.o)
                              C:/ST/STM32CubeIDE_1.15.1/STM32CubeIDE/plugins/com.st.stm32cube.ide.mcu.externaltools.gnu-tools-for-stm32.12.3.rel1.win32_1.0.100.202403111256/tools/bin/../lib/gcc/arm-none-eabi/12.3.1/../../../../arm-none-eabi/lib/thumb/v7e-m+dp/hard\libc_nano.a(libc_a-closer.o) (errno)
C:/ST/STM32CubeIDE_1.15.1/STM32CubeIDE/plugins/com.st.stm32cube.ide.mcu.externaltools.gnu-tools-for-stm32.12.3.rel1.win32_1.0.100.202403111256/tools/bin/../lib/gcc/arm-none-eabi/12.3.1/../../../../arm-none-eabi/lib/thumb/v7e-m+dp/hard\libc_nano.a(libc_a-impure.o)
                              C:/ST/STM32CubeIDE_1.15.1/STM32CubeIDE/plugins/com.st.stm32cube.ide.mcu.externaltools.gnu-tools-for-stm32.12.3.rel1.win32_1.0.100.202403111256/tools/bin/../lib/gcc/arm-none-eabi/12.3.1/../../../../arm-none-eabi/lib/thumb/v7e-m+dp/hard\libc_nano.a(libc_a-reent.o) (_impure_ptr)
C:/ST/STM32CubeIDE_1.15.1/STM32CubeIDE/plugins/com.st.stm32cube.ide.mcu.externaltools.gnu-tools-for-stm32.12.3.rel1.win32_1.0.100.202403111256/tools/bin/../lib/gcc/arm-none-eabi/12.3.1/../../../../arm-none-eabi/lib/thumb/v7e-m+dp/hard\libc_nano.a(libc_a-lseekr.o)
[...]
Memory Configuration

Name             Origin             Length             Attributes
RAM              0x24000000         0x00071c00         xrw
RAM_NONCACHEABLEBUFFER 0x24071c00         0x00000400         xrw
ITCM             0x00000000         0x00010000         xrw
DTCM             0x20000000         0x00010000         rw
SRAMAHB          0x30000000         0x00008000         rw
BKPSRAM          0x38800000         0x00001000         rw
FLASH            0x08000000         0x00010000         xrw
*default*        0x00000000         0xffffffff

Linker script and memory map

LOAD C:/ST/STM32CubeIDE_1.15.1/STM32CubeIDE/plugins/com.st.stm32cube.ide.mcu.externaltools.gnu-tools-for-stm32.12.3.rel1.win32_1.0.100.202403111256/tools/bin/../lib/gcc/arm-none-eabi/12.3.1/thumb/v7e-m+dp/hard/crti.o
LOAD C:/ST/STM32CubeIDE_1.15.1/STM32CubeIDE/plugins/com.st.stm32cube.ide.mcu.externaltools.gnu-tools-for-stm32.12.3.rel1.win32_1.0.100.202403111256/tools/bin/../lib/gcc/arm-none-eabi/12.3.1/thumb/v7e-m+dp/hard/crtbegin.o
LOAD C:/ST/STM32CubeIDE_1.15.1/STM32CubeIDE/plugins/com.st.stm32cube.ide.mcu.externaltools.gnu-tools-for-stm32.12.3.rel1.win32_1.0.100.202403111256/tools/bin/../lib/gcc/arm-none-eabi/12.3.1/../../../../arm-none-eabi/lib/thumb/v7e-m+dp/hard/crt0.o
LOAD ./Core/Src/main.o
LOAD ./Core/Src/stm32h7rsxx_hal_msp.o
LOAD ./Core/Src/stm32h7rsxx_it.o
LOAD ./Core/Src/syscalls.o
LOAD ./Core/Src/sysmem.o
LOAD ./Core/Src/system_stm32h7rsxx.o
LOAD ./Core/Startup/startup_stm32h7s7l8hxh.o
LOAD ./Drivers/STM32H7RSxx_HAL_Driver/stm32h7rsxx_hal.o
LOAD ./Drivers/STM32H7RSxx_HAL_Driver/stm32h7rsxx_hal_cortex.o
LOAD ./Drivers/STM32H7RSxx_HAL_Driver/stm32h7rsxx_hal_dma.o
LOAD ./Drivers/STM32H7RSxx_HAL_Driver/stm32h7rsxx_hal_dma_ex.o
LOAD ./Drivers/STM32H7RSxx_HAL_Driver/stm32h7rsxx_hal_exti.o
LOAD ./Drivers/STM32H7RSxx_HAL_Driver/stm32h7rsxx_hal_flash.o
LOAD ./Drivers/STM32H7RSxx_HAL_Driver/stm32h7rsxx_hal_flash_ex.o
LOAD ./Drivers/STM32H7RSxx_HAL_Driver/stm32h7rsxx_hal_gpio.o
LOAD ./Drivers/STM32H7RSxx_HAL_Driver/stm32h7rsxx_hal_pwr.o
LOAD ./Drivers/STM32H7RSxx_HAL_Driver/stm32h7rsxx_hal_pwr_ex.o
LOAD ./Drivers/STM32H7RSxx_HAL_Driver/stm32h7rsxx_hal_rcc.o
LOAD ./Drivers/STM32H7RSxx_HAL_Driver/stm32h7rsxx_hal_rcc_ex.o
LOAD ./Drivers/STM32H7RSxx_HAL_Driver/stm32h7rsxx_hal_tim.o
LOAD ./Drivers/STM32H7RSxx_HAL_Driver/stm32h7rsxx_hal_tim_ex.o
LOAD ./Drivers/STM32H7RSxx_HAL_Driver/stm32h7rsxx_hal_uart.o
LOAD ./Drivers/STM32H7RSxx_HAL_Driver/stm32h7rsxx_hal_uart_ex.o
START GROUP
LOAD C:/ST/STM32CubeIDE_1.15.1/STM32CubeIDE/plugins/com.st.stm32cube.ide.mcu.externaltools.gnu-tools-for-stm32.12.3.rel1.win32_1.0.100.202403111256/tools/bin/../lib/gcc/arm-none-eabi/12.3.1/../../../../arm-none-eabi/lib/thumb/v7e-m+dp/hard\libc_nano.a
LOAD C:/ST/STM32CubeIDE_1.15.1/STM32CubeIDE/plugins/com.st.stm32cube.ide.mcu.externaltools.gnu-tools-for-stm32.12.3.rel1.win32_1.0.100.202403111256/tools/bin/../lib/gcc/arm-none-eabi/12.3.1/../../../../arm-none-eabi/lib/thumb/v7e-m+dp/hard\libm.a
END GROUP
START GROUP
LOAD C:/ST/STM32CubeIDE_1.15.1/STM32CubeIDE/plugins/com.st.stm32cube.ide.mcu.externaltools.gnu-tools-for-stm32.12.3.rel1.win32_1.0.100.202403111256/tools/bin/../lib/gcc/arm-none-eabi/12.3.1/thumb/v7e-m+dp/hard\libgcc.a
LOAD C:/ST/STM32CubeIDE_1.15.1/STM32CubeIDE/plugins/com.st.stm32cube.ide.mcu.externaltools.gnu-tools-for-stm32.12.3.rel1.win32_1.0.100.202403111256/tools/bin/../lib/gcc/arm-none-eabi/12.3.1/../../../../arm-none-eabi/lib/thumb/v7e-m+dp/hard\libc_nano.a
END GROUP
START GROUP
LOAD C:/ST/STM32CubeIDE_1.15.1/STM32CubeIDE/plugins/com.st.stm32cube.ide.mcu.externaltools.gnu-tools-for-stm32.12.3.rel1.win32_1.0.100.202403111256/tools/bin/../lib/gcc/arm-none-eabi/12.3.1/thumb/v7e-m+dp/hard\libgcc.a
LOAD C:/ST/STM32CubeIDE_1.15.1/STM32CubeIDE/plugins/com.st.stm32cube.ide.mcu.externaltools.gnu-tools-for-stm32.12.3.rel1.win32_1.0.100.202403111256/tools/bin/../lib/gcc/arm-none-eabi/12.3.1/../../../../arm-none-eabi/lib/thumb/v7e-m+dp/hard\libc_nano.a
LOAD C:/ST/STM32CubeIDE_1.15.1/STM32CubeIDE/plugins/com.st.stm32cube.ide.mcu.externaltools.gnu-tools-for-stm32.12.3.rel1.win32_1.0.100.202403111256/tools/bin/../lib/gcc/arm-none-eabi/12.3.1/../../../../arm-none-eabi/lib/thumb/v7e-m+dp/hard\libnosys.a
END GROUP
START GROUP
LOAD C:/ST/STM32CubeIDE_1.15.1/STM32CubeIDE/plugins/com.st.stm32cube.ide.mcu.externaltools.gnu-tools-for-stm32.12.3.rel1.win32_1.0.100.202403111256/tools/bin/../lib/gcc/arm-none-eabi/12.3.1/thumb/v7e-m+dp/hard\libgcc.a
LOAD C:/ST/STM32CubeIDE_1.15.1/STM32CubeIDE/plugins/com.st.stm32cube.ide.mcu.externaltools.gnu-tools-for-stm32.12.3.rel1.win32_1.0.100.202403111256/tools/bin/../lib/gcc/arm-none-eabi/12.3.1/../../../../arm-none-eabi/lib/thumb/v7e-m+dp/hard\libc_nano.a
LOAD C:/ST/STM32CubeIDE_1.15.1/STM32CubeIDE/plugins/com.st.stm32cube.ide.mcu.externaltools.gnu-tools-for-stm32.12.3.rel1.win32_1.0.100.202403111256/tools/bin/../lib/gcc/arm-none-eabi/12.3.1/../../../../arm-none-eabi/lib/thumb/v7e-m+dp/hard\libnosys.a
END GROUP
LOAD C:/ST/STM32CubeIDE_1.15.1/STM32CubeIDE/plugins/com.st.stm32cube.ide.mcu.externaltools.gnu-tools-for-stm32.12.3.rel1.win32_1.0.100.202403111256/tools/bin/../lib/gcc/arm-none-eabi/12.3.1/thumb/v7e-m+dp/hard/crtend.o
LOAD C:/ST/STM32CubeIDE_1.15.1/STM32CubeIDE/plugins/com.st.stm32cube.ide.mcu.externaltools.gnu-tools-for-stm32.12.3.rel1.win32_1.0.100.202403111256/tools/bin/../lib/gcc/arm-none-eabi/12.3.1/thumb/v7e-m+dp/hard/crtn.o
                0x20010000                        _estack = (ORIGIN (DTCM) + LENGTH (DTCM))
                0x00000200                        _Min_Heap_Size = 0x200
                0x00000400                        _Min_Stack_Size = 0x400
                0x08000000                        __FLASH_BEGIN = 0x8000000
                0x00010000                        __FLASH_SIZE = 0x10000
                0x24000000                        __RAM_BEGIN = 0x24000000
                0x00071c00                        __RAM_SIZE = 0x71c00
                0x00000400                        __RAM_NONCACHEABLEBUFFER_SIZE = 0x400

.isr_vector     0x08000000      0x2b0
                0x08000000                        . = ALIGN (0x4)
 *(.isr_vector)
 .isr_vector    0x08000000      0x2b0 ./Core/Startup/startup_stm32h7s7l8hxh.o
                0x08000000                g_pfnVectors
                0x080002b0                        . = ALIGN (0x4)

.text           0x080002b0     0x32b8
                0x080002b0                        . = ALIGN (0x4)
 *(.text)
 .text          0x080002b0       0x40 C:/ST/STM32CubeIDE_1.15.1/STM32CubeIDE/plugins/com.st.stm32cube.ide.mcu.externaltools.gnu-tools-for-stm32.12.3.rel1.win32_1.0.100.202403111256/tools/bin/../lib/gcc/arm-none-eabi/12.3.1/thumb/v7e-m+dp/hard/crtbegin.o
 .text          0x080002f0       0x30 C:/ST/STM32CubeIDE_1.15.1/STM32CubeIDE/plugins/com.st.stm32cube.ide.mcu.externaltools.gnu-tools-for-stm32.12.3.rel1.win32_1.0.100.202403111256/tools/bin/../lib/gcc/arm-none-eabi/12.3.1/thumb/v7e-m+dp/hard\libgcc.a(_aeabi_uldivmod.o)
                0x080002f0                __aeabi_uldivmod
 .text          0x08000320      0x2bc C:/ST/STM32CubeIDE_1.15.1/STM32CubeIDE/plugins/com.st.stm32cube.ide.mcu.externaltools.gnu-tools-for-stm32.12.3.rel1.win32_1.0.100.202403111256/tools/bin/../lib/gcc/arm-none-eabi/12.3.1/thumb/v7e-m+dp/hard\libgcc.a(_udivmoddi4.o)
                0x08000320                __udivmoddi4
 .text          0x080005dc        0x4 C:/ST/STM32CubeIDE_1.15.1/STM32CubeIDE/plugins/com.st.stm32cube.ide.mcu.externaltools.gnu-tools-for-stm32.12.3.rel1.win32_1.0.100.202403111256/tools/bin/../lib/gcc/arm-none-eabi/12.3.1/thumb/v7e-m+dp/hard\libgcc.a(_dvmd_tls.o)
                0x080005dc                __aeabi_idiv0
                0x080005dc                __aeabi_ldiv0
 *(.text*)
 .text.main     0x080005e0       0x60 ./Core/Src/main.o
                0x080005e0                main
 .text.MX_USART2_UART_Init
                0x08000640       0x98 ./Core/Src/main.o
 .text.MX_GPIO_Init
                0x080006d8       0x68 ./Core/Src/main.o
 .text.MPU_Config
                0x08000740       0x58 ./Core/Src/main.o
 .text.Error_Handler
                0x08000798        0xc ./Core/Src/main.o
                0x08000798                Error_Handler
 .text.HAL_MspInit
                0x080007a4        0xe ./Core/Src/stm32h7rsxx_hal_msp.o
                0x080007a4                HAL_MspInit
 *fill*         0x080007b2        0x2 
 .text.HAL_UART_MspInit
                0x080007b4       0xc4 ./Core/Src/stm32h7rsxx_hal_msp.o
                0x080007b4                HAL_UART_MspInit
 .text.NMI_Handler
                0x08000878        0x8 ./Core/Src/stm32h7rsxx_it.o
                0x08000878                NMI_Handler
 .text.HardFault_Handler
                0x08000880        0x8 ./Core/Src/stm32h7rsxx_it.o
                0x08000880                HardFault_Handler
 .text.MemManage_Handler
                0x08000888        0x8 ./Core/Src/stm32h7rsxx_it.o
                0x08000888                MemManage_Handler
 .text.BusFault_Handler
                0x08000890        0x8 ./Core/Src/stm32h7rsxx_it.o
                0x08000890                BusFault_Handler
 .text.UsageFault_Handler
                0x08000898        0x8 ./Core/Src/stm32h7rsxx_it.o
                0x08000898                UsageFault_Handler
 .text.SVC_Handler
                0x080008a0        0xe ./Core/Src/stm32h7rsxx_it.o
                0x080008a0                SVC_Handler
 .text.DebugMon_Handler
                0x080008ae        0xe ./Core/Src/stm32h7rsxx_it.o
                0x080008ae                DebugMon_Handler
 .text.PendSV_Handler
                0x080008bc        0xe ./Core/Src/stm32h7rsxx_it.o
                0x080008bc                PendSV_Handler
 .text.SysTick_Handler
                0x080008ca        0xc ./Core/Src/stm32h7rsxx_it.o
                0x080008ca                SysTick_Handler
 *fill*         0x080008d6        0x2 
 .text.SystemInit
                0x080008d8       0x2c ./Core/Src/system_stm32h7rsxx.o
                0x080008d8                SystemInit
 .text.SystemCoreClockUpdate
                0x08000904      0x270 ./Core/Src/system_stm32h7rsxx.o
                0x08000904                SystemCoreClockUpdate
 .text.Reset_Handler
                0x08000b74       0x50 ./Core/Startup/startup_stm32h7s7l8hxh.o
                0x08000b74                Reset_Handler
 .text.Default_Handler
                0x08000bc4        0x2 ./Core/Startup/startup_stm32h7s7l8hxh.o
                0x08000bc4                HPDMA1_Channel13_IRQHandler
                0x08000bc4                EXTI2_IRQHandler
                0x08000bc4                MCE2_IRQHandler
                0x08000bc4                SAI1_A_IRQHandler
                0x08000bc4                EXTI5_IRQHandler
                0x08000bc4                I3C1_ER_IRQHandler
                0x08000bc4                UART8_IRQHandler
                0x08000bc4                SPI4_IRQHandler
                0x08000bc4                EXTI13_IRQHandler
                0x08000bc4                TIM1_CC_IRQHandler
                0x08000bc4                XSPI1_IRQHandler
                0x08000bc4                JPEG_IRQHandler
                0x08000bc4                TAMP_IRQHandler
                0x08000bc4                TIM6_IRQHandler
                0x08000bc4                EXTI12_IRQHandler
                0x08000bc4                CORDIC_IRQHandler
                0x08000bc4                GFXTIM_IRQHandler
                0x08000bc4                EXTI3_IRQHandler
                0x08000bc4                LPTIM4_IRQHandler
                0x08000bc4                GPDMA1_Channel5_IRQHandler
                0x08000bc4                EXTI8_IRQHandler
                0x08000bc4                LPTIM2_IRQHandler
                0x08000bc4                GFXMMU_IRQHandler
                0x08000bc4                I2C3_ER_IRQHandler
                0x08000bc4                LPTIM3_IRQHandler
                0x08000bc4                SAI2_A_IRQHandler
                0x08000bc4                EXTI0_IRQHandler
                0x08000bc4                HPDMA1_Channel9_IRQHandler
                0x08000bc4                I2C2_EV_IRQHandler
                0x08000bc4                GPU2D_IRQHandler
                0x08000bc4                FPU_IRQHandler
                0x08000bc4                GPDMA1_Channel3_IRQHandler
                0x08000bc4                GPDMA1_Channel7_IRQHandler
                0x08000bc4                FDCAN1_IT1_IRQHandler
                0x08000bc4                HPDMA1_Channel3_IRQHandler
                0x08000bc4                LTDC_ER_IRQHandler
                0x08000bc4                ADC1_2_IRQHandler
                0x08000bc4                GPDMA1_Channel9_IRQHandler
                0x08000bc4                SPI1_IRQHandler
                0x08000bc4                SAI1_B_IRQHandler
                0x08000bc4                GPDMA1_Channel2_IRQHandler
                0x08000bc4                I3C1_WKUP_IRQHandler
                0x08000bc4                PKA_IRQHandler
                0x08000bc4                HPDMA1_Channel2_IRQHandler
                0x08000bc4                EXTI15_IRQHandler
                0x08000bc4                TIM17_IRQHandler
                0x08000bc4                USART3_IRQHandler
                0x08000bc4                HPDMA1_Channel6_IRQHandler
                0x08000bc4                CRYP_IRQHandler
                0x08000bc4                RTC_IRQHandler
                0x08000bc4                XSPI2_IRQHandler
                0x08000bc4                EXTI9_IRQHandler
                0x08000bc4                HPDMA1_Channel0_IRQHandler
                0x08000bc4                LPTIM5_IRQHandler
                0x08000bc4                HPDMA1_Channel1_IRQHandler
                0x08000bc4                UART5_IRQHandler
                0x08000bc4                TIM4_IRQHandler
                0x08000bc4                I2C1_EV_IRQHandler
                0x08000bc4                GPDMA1_Channel12_IRQHandler
                0x08000bc4                HPDMA1_Channel7_IRQHandler
                0x08000bc4                GPDMA1_Channel1_IRQHandler
                0x08000bc4                TIM16_IRQHandler
                0x08000bc4                GPDMA1_Channel15_IRQHandler
                0x08000bc4                UART4_IRQHandler
                0x08000bc4                TIM3_IRQHandler
                0x08000bc4                RCC_IRQHandler
                0x08000bc4                TIM1_TRG_COM_IRQHandler
                0x08000bc4                SAI2_B_IRQHandler
                0x08000bc4                Default_Handler
                0x08000bc4                GPDMA1_Channel8_IRQHandler
                0x08000bc4                HPDMA1_Channel8_IRQHandler
                0x08000bc4                CEC_IRQHandler
                0x08000bc4                TIM14_IRQHandler
                0x08000bc4                TIM13_IRQHandler
                0x08000bc4                GPDMA1_Channel11_IRQHandler
                0x08000bc4                GPU2D_ER_IRQHandler
                0x08000bc4                SPI5_IRQHandler
                0x08000bc4                TIM12_IRQHandler
                0x08000bc4                TIM7_IRQHandler
                0x08000bc4                HPDMA1_Channel10_IRQHandler
                0x08000bc4                SDMMC1_IRQHandler
                0x08000bc4                SAES_IRQHandler
                0x08000bc4                TIM5_IRQHandler
                0x08000bc4                UCPD1_IRQHandler
                0x08000bc4                GPDMA1_Channel0_IRQHandler
                0x08000bc4                I3C1_EV_IRQHandler
                0x08000bc4                HPDMA1_Channel5_IRQHandler
                0x08000bc4                TIM15_IRQHandler
                0x08000bc4                I2C3_EV_IRQHandler
                0x08000bc4                HPDMA1_Channel4_IRQHandler
                0x08000bc4                HPDMA1_Channel15_IRQHandler
                0x08000bc4                TIM9_IRQHandler
                0x08000bc4                LTDC_IRQHandler
                0x08000bc4                SPDIF_RX_IRQHandler
                0x08000bc4                PVD_PVM_IRQHandler
                0x08000bc4                SPI2_IRQHandler
                0x08000bc4                HPDMA1_Channel11_IRQHandler
                0x08000bc4                EXTI14_IRQHandler
                0x08000bc4                EXTI11_IRQHandler
                0x08000bc4                CRS_IRQHandler
                0x08000bc4                GPDMA1_Channel14_IRQHandler
                0x08000bc4                EXTI4_IRQHandler
                0x08000bc4                GPDMA1_Channel13_IRQHandler
                0x08000bc4                RNG_IRQHandler
                0x08000bc4                FDCAN2_IT1_IRQHandler
                0x08000bc4                ETH_IRQHandler
                0x08000bc4                TIM1_UP_IRQHandler
                0x08000bc4                WWDG_IRQHandler
                0x08000bc4                SPI6_IRQHandler
                0x08000bc4                MDIOS_IRQHandler
                0x08000bc4                FDCAN2_IT0_IRQHandler
                0x08000bc4                IWDG_IRQHandler
                0x08000bc4                HPDMA1_Channel14_IRQHandler
                0x08000bc4                LPUART1_IRQHandler
                0x08000bc4                FDCAN1_IT0_IRQHandler
                0x08000bc4                TIM2_IRQHandler
                0x08000bc4                PSSI_IRQHandler
                0x08000bc4                MCE3_IRQHandler
                0x08000bc4                GPDMA1_Channel4_IRQHandler
                0x08000bc4                OTG_HS_IRQHandler
                0x08000bc4                EXTI7_IRQHandler
                0x08000bc4                DMA2D_IRQHandler
                0x08000bc4                TIM1_BRK_IRQHandler
                0x08000bc4                EXTI1_IRQHandler
                0x08000bc4                SDMMC2_IRQHandler
                0x08000bc4                UART7_IRQHandler
                0x08000bc4                DTS_IRQHandler
                0x08000bc4                USART2_IRQHandler
                0x08000bc4                GPDMA1_Channel6_IRQHandler
                0x08000bc4                ADF1_FLT0_IRQHandler
                0x08000bc4                RAMECC_IRQHandler
                0x08000bc4                I2C2_ER_IRQHandler
                0x08000bc4                MCE1_IRQHandler
                0x08000bc4                HPDMA1_Channel12_IRQHandler
                0x08000bc4                FLASH_IRQHandler
                0x08000bc4                USART1_IRQHandler
                0x08000bc4                EXTI10_IRQHandler
                0x08000bc4                OTG_FS_IRQHandler
                0x08000bc4                SPI3_IRQHandler
                0x08000bc4                WAKEUP_PIN_IRQHandler
                0x08000bc4                DCMIPP_IRQHandler
                0x08000bc4                I2C1_ER_IRQHandler
                0x08000bc4                FMC_IRQHandler
                0x08000bc4                EXTI6_IRQHandler
                0x08000bc4                LPTIM1_IRQHandler
                0x08000bc4                GPDMA1_Channel10_IRQHandler
                0x08000bc4                ICACHE_IRQHandler
                0x08000bc4                HASH_IRQHandler
 .text.HAL_Init
                0x08000bc6       0x30 ./Drivers/STM32H7RSxx_HAL_Driver/stm32h7rsxx_hal.o
                0x08000bc6                HAL_Init
 *fill*         0x08000bf6        0x2 
 .text.HAL_InitTick
                0x08000bf8       0x78 ./Drivers/STM32H7RSxx_HAL_Driver/stm32h7rsxx_hal.o
                0x08000bf8                HAL_InitTick
 .text.HAL_IncTick
                0x08000c70       0x28 ./Drivers/STM32H7RSxx_HAL_Driver/stm32h7rsxx_hal.o
                0x08000c70                HAL_IncTick
 .text.HAL_GetTick
                0x08000c98       0x18 ./Drivers/STM32H7RSxx_HAL_Driver/stm32h7rsxx_hal.o
                0x08000c98                HAL_GetTick
 .text.HAL_Delay
                0x08000cb0       0x48 ./Drivers/STM32H7RSxx_HAL_Driver/stm32h7rsxx_hal.o
                0x08000cb0                HAL_Delay
 .text.__NVIC_SetPriorityGrouping
                0x08000cf8       0x48 ./Drivers/STM32H7RSxx_HAL_Driver/stm32h7rsxx_hal_cortex.o
 .text.__NVIC_GetPriorityGrouping
                0x08000d40       0x1c ./Drivers/STM32H7RSxx_HAL_Driver/stm32h7rsxx_hal_cortex.o
 .text.__NVIC_SetPriority
                0x08000d5c       0x54 ./Drivers/STM32H7RSxx_HAL_Driver/stm32h7rsxx_hal_cortex.o
 .text.NVIC_EncodePriority
                0x08000db0       0x66 ./Drivers/STM32H7RSxx_HAL_Driver/stm32h7rsxx_hal_cortex.o
 *fill*         0x08000e16        0x2 
 .text.SysTick_Config
                0x08000e18       0x44 ./Drivers/STM32H7RSxx_HAL_Driver/stm32h7rsxx_hal_cortex.o
 .text.HAL_NVIC_SetPriorityGrouping
                0x08000e5c       0x16 ./Drivers/STM32H7RSxx_HAL_Driver/stm32h7rsxx_hal_cortex.o
                0x08000e5c                HAL_NVIC_SetPriorityGrouping
 .text.HAL_NVIC_SetPriority
                0x08000e72       0x34 ./Drivers/STM32H7RSxx_HAL_Driver/stm32h7rsxx_hal_cortex.o
                0x08000e72                HAL_NVIC_SetPriority
 .text.HAL_SYSTICK_Config
                0x08000ea6       0x18 ./Drivers/STM32H7RSxx_HAL_Driver/stm32h7rsxx_hal_cortex.o
                0x08000ea6                HAL_SYSTICK_Config
 *fill*         0x08000ebe        0x2 
 .text.HAL_MPU_Enable
                0x08000ec0       0x44 ./Drivers/STM32H7RSxx_HAL_Driver/stm32h7rsxx_hal_cortex.o
                0x08000ec0                HAL_MPU_Enable
 .text.HAL_MPU_Disable
                0x08000f04       0x3c ./Drivers/STM32H7RSxx_HAL_Driver/stm32h7rsxx_hal_cortex.o
                0x08000f04                HAL_MPU_Disable
 .text.HAL_MPU_ConfigRegion
                0x08000f40       0x8c ./Drivers/STM32H7RSxx_HAL_Driver/stm32h7rsxx_hal_cortex.o
                0x08000f40                HAL_MPU_ConfigRegion
 .text.HAL_GPIO_Init
                0x08000fcc      0x2ac ./Drivers/STM32H7RSxx_HAL_Driver/stm32h7rsxx_hal_gpio.o
                0x08000fcc                HAL_GPIO_Init
 .text.HAL_GPIO_WritePin
                0x08001278       0x30 ./Drivers/STM32H7RSxx_HAL_Driver/stm32h7rsxx_hal_gpio.o
                0x08001278                HAL_GPIO_WritePin
 .text.HAL_RCC_GetSysClockFreq
                0x080012a8      0x2cc ./Drivers/STM32H7RSxx_HAL_Driver/stm32h7rsxx_hal_rcc.o
                0x080012a8                HAL_RCC_GetSysClockFreq
 .text.HAL_RCC_GetHCLKFreq
                0x08001574       0x50 ./Drivers/STM32H7RSxx_HAL_Driver/stm32h7rsxx_hal_rcc.o
                0x08001574                HAL_RCC_GetHCLKFreq
 .text.HAL_RCC_GetPCLK1Freq
                0x080015c4       0x38 ./Drivers/STM32H7RSxx_HAL_Driver/stm32h7rsxx_hal_rcc.o
                0x080015c4                HAL_RCC_GetPCLK1Freq
 .text.HAL_RCC_GetPCLK2Freq
                0x080015fc       0x38 ./Drivers/STM32H7RSxx_HAL_Driver/stm32h7rsxx_hal_rcc.o
                0x080015fc                HAL_RCC_GetPCLK2Freq
 .text.HAL_RCC_GetPCLK4Freq
                0x08001634       0x38 ./Drivers/STM32H7RSxx_HAL_Driver/stm32h7rsxx_hal_rcc.o
                0x08001634                HAL_RCC_GetPCLK4Freq
 .text.HAL_RCC_GetPLL2QFreq
                0x0800166c       0x2c ./Drivers/STM32H7RSxx_HAL_Driver/stm32h7rsxx_hal_rcc.o
                0x0800166c                HAL_RCC_GetPLL2QFreq
 .text.HAL_RCC_GetPLL3QFreq
                0x08001698       0x2c ./Drivers/STM32H7RSxx_HAL_Driver/stm32h7rsxx_hal_rcc.o
                0x08001698                HAL_RCC_GetPLL3QFreq
 .text.RCC_PLL2_GetVCOOutputFreq
                0x080016c4      0x10c ./Drivers/STM32H7RSxx_HAL_Driver/stm32h7rsxx_hal_rcc.o
 .text.RCC_PLL3_GetVCOOutputFreq
                0x080017d0      0x10c ./Drivers/STM32H7RSxx_HAL_Driver/stm32h7rsxx_hal_rcc.o
 .text.HAL_RCCEx_PeriphCLKConfig
                0x080018dc      0xe08 ./Drivers/STM32H7RSxx_HAL_Driver/stm32h7rsxx_hal_rcc_ex.o
                0x080018dc                HAL_RCCEx_PeriphCLKConfig
 .text.HAL_UART_Init
                0x080026e4       0xa0 ./Drivers/STM32H7RSxx_HAL_Driver/stm32h7rsxx_hal_uart.o
                0x080026e4                HAL_UART_Init
 .text.UART_SetConfig
                0x08002784      0x72c ./Drivers/STM32H7RSxx_HAL_Driver/stm32h7rsxx_hal_uart.o
                0x08002784                UART_SetConfig
 .text.UART_AdvFeatureConfig
                0x08002eb0      0x144 ./Drivers/STM32H7RSxx_HAL_Driver/stm32h7rsxx_hal_uart.o
                0x08002eb0                UART_AdvFeatureConfig
 .text.UART_CheckIdleState
                0x08002ff4      0x154 ./Drivers/STM32H7RSxx_HAL_Driver/stm32h7rsxx_hal_uart.o
                0x08002ff4                UART_CheckIdleState
 .text.UART_WaitOnFlagUntilTimeout
                0x08003148       0xda ./Drivers/STM32H7RSxx_HAL_Driver/stm32h7rsxx_hal_uart.o
                0x08003148                UART_WaitOnFlagUntilTimeout
 *fill*         0x08003222        0x2 
 .text.UART_EndRxTransfer
                0x08003224       0xcc ./Drivers/STM32H7RSxx_HAL_Driver/stm32h7rsxx_hal_uart.o
 .text.HAL_UARTEx_DisableFifoMode
                0x080032f0       0x72 ./Drivers/STM32H7RSxx_HAL_Driver/stm32h7rsxx_hal_uart_ex.o
                0x080032f0                HAL_UARTEx_DisableFifoMode
 .text.HAL_UARTEx_SetTxFifoThreshold
                0x08003362       0x7c ./Drivers/STM32H7RSxx_HAL_Driver/stm32h7rsxx_hal_uart_ex.o
                0x08003362                HAL_UARTEx_SetTxFifoThreshold
 .text.HAL_UARTEx_SetRxFifoThreshold
                0x080033de       0x7c ./Drivers/STM32H7RSxx_HAL_Driver/stm32h7rsxx_hal_uart_ex.o
                0x080033de                HAL_UARTEx_SetRxFifoThreshold
 *fill*         0x0800345a        0x2 
 .text.UARTEx_SetNbDataToProcess
                0x0800345c       0x9c ./Drivers/STM32H7RSxx_HAL_Driver/stm32h7rsxx_hal_uart_ex.o
 .text.memset   0x080034f8       0x10 C:/ST/STM32CubeIDE_1.15.1/STM32CubeIDE/plugins/com.st.stm32cube.ide.mcu.externaltools.gnu-tools-for-stm32.12.3.rel1.win32_1.0.100.202403111256/tools/bin/../lib/gcc/arm-none-eabi/12.3.1/../../../../arm-none-eabi/lib/thumb/v7e-m+dp/hard\libc_nano.a(libc_a-memset.o)
                0x080034f8                memset
 .text.__libc_init_array
                0x08003508       0x48 C:/ST/STM32CubeIDE_1.15.1/STM32CubeIDE/plugins/com.st.stm32cube.ide.mcu.externaltools.gnu-tools-for-stm32.12.3.rel1.win32_1.0.100.202403111256/tools/bin/../lib/gcc/arm-none-eabi/12.3.1/../../../../arm-none-eabi/lib/thumb/v7e-m+dp/hard\libc_nano.a(libc_a-init.o)
                0x08003508                __libc_init_array
 *(.glue_7)
 .glue_7        0x08003550        0x0 linker stubs
 *(.glue_7t)
 .glue_7t       0x08003550        0x0 linker stubs
 *(.eh_frame)
 .eh_frame      0x08003550        0x0 C:/ST/STM32CubeIDE_1.15.1/STM32CubeIDE/plugins/com.st.stm32cube.ide.mcu.externaltools.gnu-tools-for-stm32.12.3.rel1.win32_1.0.100.202403111256/tools/bin/../lib/gcc/arm-none-eabi/12.3.1/thumb/v7e-m+dp/hard/crtbegin.o
 *(.init)
 .init          0x08003550        0x4 C:/ST/STM32CubeIDE_1.15.1/STM32CubeIDE/plugins/com.st.stm32cube.ide.mcu.externaltools.gnu-tools-for-stm32.12.3.rel1.win32_1.0.100.202403111256/tools/bin/../lib/gcc/arm-none-eabi/12.3.1/thumb/v7e-m+dp/hard/crti.o
                0x08003550                _init
 .init          0x08003554        0x8 C:/ST/STM32CubeIDE_1.15.1/STM32CubeIDE/plugins/com.st.stm32cube.ide.mcu.externaltools.gnu-tools-for-stm32.12.3.rel1.win32_1.0.100.202403111256/tools/bin/../lib/gcc/arm-none-eabi/12.3.1/thumb/v7e-m+dp/hard/crtn.o
 *(.fini)
 .fini          0x0800355c        0x4 C:/ST/STM32CubeIDE_1.15.1/STM32CubeIDE/plugins/com.st.stm32cube.ide.mcu.externaltools.gnu-tools-for-stm32.12.3.rel1.win32_1.0.100.202403111256/tools/bin/../lib/gcc/arm-none-eabi/12.3.1/thumb/v7e-m+dp/hard/crti.o
                0x0800355c                _fini
 .fini          0x08003560        0x8 C:/ST/STM32CubeIDE_1.15.1/STM32CubeIDE/plugins/com.st.stm32cube.ide.mcu.externaltools.gnu-tools-for-stm32.12.3.rel1.win32_1.0.100.202403111256/tools/bin/../lib/gcc/arm-none-eabi/12.3.1/thumb/v7e-m+dp/hard/crtn.o
                0x08003568                        . = ALIGN (0x4)
                0x08003568                        _etext = .

.vfp11_veneer   0x08003568        0x0
 .vfp11_veneer  0x08003568        0x0 linker stubs

.v4_bx          0x08003568        0x0
 .v4_bx         0x08003568        0x0 linker stubs

.iplt           0x08003568        0x0
 .iplt          0x08003568        0x0 C:/ST/STM32CubeIDE_1.15.1/STM32CubeIDE/plugins/com.st.stm32cube.ide.mcu.externaltools.gnu-tools-for-stm32.12.3.rel1.win32_1.0.100.202403111256/tools/bin/../lib/gcc/arm-none-eabi/12.3.1/thumb/v7e-m+dp/hard/crtbegin.o

.rodata         0x08003568       0x30
                0x08003568                        . = ALIGN (0x4)
 *(.rodata)
 .rodata        0x08003568        0x8 ./Drivers/STM32H7RSxx_HAL_Driver/stm32h7rsxx_hal_rcc.o
 *(.rodata*)
 .rodata.UARTPrescTable
                0x08003570       0x18 ./Drivers/STM32H7RSxx_HAL_Driver/stm32h7rsxx_hal_uart.o
                0x08003570                UARTPrescTable
 .rodata.numerator.1
                0x08003588        0x8 ./Drivers/STM32H7RSxx_HAL_Driver/stm32h7rsxx_hal_uart_ex.o
 .rodata.denominator.0
                0x08003590        0x8 ./Drivers/STM32H7RSxx_HAL_Driver/stm32h7rsxx_hal_uart_ex.o
                0x08003598                        . = ALIGN (0x4)

.ARM.extab      0x08003598        0x0
                0x08003598                        . = ALIGN (0x4)
 *(.ARM.extab* .gnu.linkonce.armextab.*)
                0x08003598                        . = ALIGN (0x4)

.ARM            0x08003598        0x8
                0x08003598                        . = ALIGN (0x4)
                0x08003598                        __exidx_start = .
 *(.ARM.exidx*)
 .ARM.exidx     0x08003598        0x8 C:/ST/STM32CubeIDE_1.15.1/STM32CubeIDE/plugins/com.st.stm32cube.ide.mcu.externaltools.gnu-tools-for-stm32.12.3.rel1.win32_1.0.100.202403111256/tools/bin/../lib/gcc/arm-none-eabi/12.3.1/thumb/v7e-m+dp/hard\libgcc.a(_udivmoddi4.o)
                0x080035a0                        __exidx_end = .
                0x080035a0                        . = ALIGN (0x4)

.preinit_array  0x080035a0        0x0
                0x080035a0                        . = ALIGN (0x4)
                0x080035a0                        PROVIDE (__preinit_array_start = .)
 *(.preinit_array*)
                0x080035a0                        PROVIDE (__preinit_array_end = .)
                0x080035a0                        . = ALIGN (0x4)

.init_array     0x080035a0        0x4
                0x080035a0                        . = ALIGN (0x4)
                0x080035a0                        PROVIDE (__init_array_start = .)
 *(SORT_BY_NAME(.init_array.*))
 *(.init_array*)
 .init_array    0x080035a0        0x4 C:/ST/STM32CubeIDE_1.15.1/STM32CubeIDE/plugins/com.st.stm32cube.ide.mcu.externaltools.gnu-tools-for-stm32.12.3.rel1.win32_1.0.100.202403111256/tools/bin/../lib/gcc/arm-none-eabi/12.3.1/thumb/v7e-m+dp/hard/crtbegin.o
                0x080035a4                        PROVIDE (__init_array_end = .)
                0x080035a4                        . = ALIGN (0x4)

.fini_array     0x080035a4        0x4
                0x080035a4                        . = ALIGN (0x4)
                [!provide]                        PROVIDE (__fini_array_start = .)
 *(SORT_BY_NAME(.fini_array.*))
 *(.fini_array*)
 .fini_array    0x080035a4        0x4 C:/ST/STM32CubeIDE_1.15.1/STM32CubeIDE/plugins/com.st.stm32cube.ide.mcu.externaltools.gnu-tools-for-stm32.12.3.rel1.win32_1.0.100.202403111256/tools/bin/../lib/gcc/arm-none-eabi/12.3.1/thumb/v7e-m+dp/hard/crtbegin.o
                [!provide]                        PROVIDE (__fini_array_end = .)
                0x080035a8                        . = ALIGN (0x4)
                0x080035a8                        _sidata = LOADADDR (.data)

.rel.dyn        0x080035a8        0x0
 .rel.iplt      0x080035a8        0x0 C:/ST/STM32CubeIDE_1.15.1/STM32CubeIDE/plugins/com.st.stm32cube.ide.mcu.externaltools.gnu-tools-for-stm32.12.3.rel1.win32_1.0.100.202403111256/tools/bin/../lib/gcc/arm-none-eabi/12.3.1/thumb/v7e-m+dp/hard/crtbegin.o

.data           0x24000000        0xc load address 0x080035a8
                0x24000000                        . = ALIGN (0x4)
                0x24000000                        _sdata = .
 *(.data)
 *(.data*)
 .data.SystemCoreClock
                0x24000000        0x4 ./Core/Src/system_stm32h7rsxx.o
                0x24000000                SystemCoreClock
 .data.uwTickPrio
                0x24000004        0x4 ./Drivers/STM32H7RSxx_HAL_Driver/stm32h7rsxx_hal.o
                0x24000004                uwTickPrio
 .data.uwTickFreq
                0x24000008        0x1 ./Drivers/STM32H7RSxx_HAL_Driver/stm32h7rsxx_hal.o
                0x24000008                uwTickFreq
 *(.RamFunc)
 *(.RamFunc*)
                0x2400000c                        . = ALIGN (0x4)
 *fill*         0x24000009        0x3 
                0x2400000c                        _edata = .

.igot.plt       0x2400000c        0x0 load address 0x080035b4
 .igot.plt      0x2400000c        0x0 C:/ST/STM32CubeIDE_1.15.1/STM32CubeIDE/plugins/com.st.stm32cube.ide.mcu.externaltools.gnu-tools-for-stm32.12.3.rel1.win32_1.0.100.202403111256/tools/bin/../lib/gcc/arm-none-eabi/12.3.1/thumb/v7e-m+dp/hard/crtbegin.o
                0x2400000c                        . = ALIGN (0x4)

.bss            0x2400000c       0xb8 load address 0x080035b4
                0x2400000c                        _sbss = .
                0x2400000c                        __bss_start__ = _sbss
 *(.bss)
 .bss           0x2400000c       0x1c C:/ST/STM32CubeIDE_1.15.1/STM32CubeIDE/plugins/com.st.stm32cube.ide.mcu.externaltools.gnu-tools-for-stm32.12.3.rel1.win32_1.0.100.202403111256/tools/bin/../lib/gcc/arm-none-eabi/12.3.1/thumb/v7e-m+dp/hard/crtbegin.o
 *(.bss*)
 .bss.huart2    0x24000028       0x94 ./Core/Src/main.o
                0x24000028                huart2
 .bss.myCounter
                0x240000bc        0x4 ./Core/Src/main.o
                0x240000bc                myCounter
 .bss.uwTick    0x240000c0        0x4 ./Drivers/STM32H7RSxx_HAL_Driver/stm32h7rsxx_hal.o
                0x240000c0                uwTick
 *(COMMON)
                0x240000c4                        . = ALIGN (0x4)
                0x240000c4                        _ebss = .
                0x240000c4                        __bss_end__ = _ebss

RW_NONCACHEABLE
                0x24071c00        0x0
                0x24071c00                        __NONCACHEABLEBUFFER_BEGIN = .
 *(noncacheable_buffer)
                0x24071c00                        __NONCACHEABLEBUFFER_END = .

._user_heap_stack
                0x20000000      0x600
                0x20000000                        . = ALIGN (0x8)
                [!provide]                        PROVIDE (end = .)
                0x20000000                        PROVIDE (_end = .)
                0x20000200                        . = (. + _Min_Heap_Size)
 *fill*         0x20000000      0x200 
                0x20000600                        . = (. + _Min_Stack_Size)
 *fill*         0x20000200      0x400 
                0x20000600                        . = ALIGN (0x8)

/DISCARD/
 libc.a(*)
 libm.a(*)
 libgcc.a(*)

.ARM.attributes
                0x00000000       0x2e
 *(.ARM.attributes)
 .ARM.attributes
                0x00000000       0x20 C:/ST/STM32CubeIDE_1.15.1/STM32CubeIDE/plugins/com.st.stm32cube.ide.mcu.externaltools.gnu-tools-for-stm32.12.3.rel1.win32_1.0.100.202403111256/tools/bin/../lib/gcc/arm-none-eabi/12.3.1/thumb/v7e-m+dp/hard/crti.o
 .ARM.attributes
                0x00000020       0x32 C:/ST/STM32CubeIDE_1.15.1/STM32CubeIDE/plugins/com.st.stm32cube.ide.mcu.externaltools.gnu-tools-for-stm32.12.3.rel1.win32_1.0.100.202403111256/tools/bin/../lib/gcc/arm-none-eabi/12.3.1/thumb/v7e-m+dp/hard/crtbegin.o
 .ARM.attributes
                0x00000052       0x32 ./Core/Src/main.o
 .ARM.attributes
                0x00000084       0x32 ./Core/Src/stm32h7rsxx_hal_msp.o
 .ARM.attributes
                0x000000b6       0x32 ./Core/Src/stm32h7rsxx_it.o
 .ARM.attributes
                0x000000e8       0x32 ./Core/Src/system_stm32h7rsxx.o
 .ARM.attributes
                0x0000011a       0x21 ./Core/Startup/startup_stm32h7s7l8hxh.o
 .ARM.attributes
                0x0000013b       0x32 ./Drivers/STM32H7RSxx_HAL_Driver/stm32h7rsxx_hal.o
 .ARM.attributes
                0x0000016d       0x32 ./Drivers/STM32H7RSxx_HAL_Driver/stm32h7rsxx_hal_cortex.o
 .ARM.attributes
                0x0000019f       0x32 ./Drivers/STM32H7RSxx_HAL_Driver/stm32h7rsxx_hal_gpio.o
 .ARM.attributes
                0x000001d1       0x32 ./Drivers/STM32H7RSxx_HAL_Driver/stm32h7rsxx_hal_rcc.o
 .ARM.attributes
                0x00000203       0x32 ./Drivers/STM32H7RSxx_HAL_Driver/stm32h7rsxx_hal_rcc_ex.o
 .ARM.attributes
                0x00000235       0x32 ./Drivers/STM32H7RSxx_HAL_Driver/stm32h7rsxx_hal_uart.o
 .ARM.attributes
                0x00000267       0x32 ./Drivers/STM32H7RSxx_HAL_Driver/stm32h7rsxx_hal_uart_ex.o
 .ARM.attributes
                0x00000299       0x32 C:/ST/STM32CubeIDE_1.15.1/STM32CubeIDE/plugins/com.st.stm32cube.ide.mcu.externaltools.gnu-tools-for-stm32.12.3.rel1.win32_1.0.100.202403111256/tools/bin/../lib/gcc/arm-none-eabi/12.3.1/../../../../arm-none-eabi/lib/thumb/v7e-m+dp/hard\libc_nano.a(libc_a-memset.o)
 .ARM.attributes
                0x000002cb       0x32 C:/ST/STM32CubeIDE_1.15.1/STM32CubeIDE/plugins/com.st.stm32cube.ide.mcu.externaltools.gnu-tools-for-stm32.12.3.rel1.win32_1.0.100.202403111256/tools/bin/../lib/gcc/arm-none-eabi/12.3.1/../../../../arm-none-eabi/lib/thumb/v7e-m+dp/hard\libc_nano.a(libc_a-init.o)
 .ARM.attributes
                0x000002fd       0x20 C:/ST/STM32CubeIDE_1.15.1/STM32CubeIDE/plugins/com.st.stm32cube.ide.mcu.externaltools.gnu-tools-for-stm32.12.3.rel1.win32_1.0.100.202403111256/tools/bin/../lib/gcc/arm-none-eabi/12.3.1/thumb/v7e-m+dp/hard\libgcc.a(_aeabi_uldivmod.o)
 .ARM.attributes
                0x0000031d       0x32 C:/ST/STM32CubeIDE_1.15.1/STM32CubeIDE/plugins/com.st.stm32cube.ide.mcu.externaltools.gnu-tools-for-stm32.12.3.rel1.win32_1.0.100.202403111256/tools/bin/../lib/gcc/arm-none-eabi/12.3.1/thumb/v7e-m+dp/hard\libgcc.a(_udivmoddi4.o)
 .ARM.attributes
                0x0000034f       0x20 C:/ST/STM32CubeIDE_1.15.1/STM32CubeIDE/plugins/com.st.stm32cube.ide.mcu.externaltools.gnu-tools-for-stm32.12.3.rel1.win32_1.0.100.202403111256/tools/bin/../lib/gcc/arm-none-eabi/12.3.1/thumb/v7e-m+dp/hard\libgcc.a(_dvmd_tls.o)
 .ARM.attributes
                0x0000036f       0x20 C:/ST/STM32CubeIDE_1.15.1/STM32CubeIDE/plugins/com.st.stm32cube.ide.mcu.externaltools.gnu-tools-for-stm32.12.3.rel1.win32_1.0.100.202403111256/tools/bin/../lib/gcc/arm-none-eabi/12.3.1/thumb/v7e-m+dp/hard/crtn.o
OUTPUT(DemoBootLoad_Appli.elf elf32-littlearm)
LOAD linker stubs
LOAD C:/ST/STM32CubeIDE_1.15.1/STM32CubeIDE/plugins/com.st.stm32cube.ide.mcu.externaltools.gnu-tools-for-stm32.12.3.rel1.win32_1.0.100.202403111256/tools/bin/../lib/gcc/arm-none-eabi/12.3.1/../../../../arm-none-eabi/lib/thumb/v7e-m+dp/hard\libc.a
LOAD C:/ST/STM32CubeIDE_1.15.1/STM32CubeIDE/plugins/com.st.stm32cube.ide.mcu.externaltools.gnu-tools-for-stm32.12.3.rel1.win32_1.0.100.202403111256/tools/bin/../lib/gcc/arm-none-eabi/12.3.1/../../../../arm-none-eabi/lib/thumb/v7e-m+dp/hard\libm.a
LOAD C:/ST/STM32CubeIDE_1.15.1/STM32CubeIDE/plugins/com.st.stm32cube.ide.mcu.externaltools.gnu-tools-for-stm32.12.3.rel1.win32_1.0.100.202403111256/tools/bin/../lib/gcc/arm-none-eabi/12.3.1/thumb/v7e-m+dp/hard\libgcc.a

.debug_info     0x00000000     0xda5a
 .debug_info    0x00000000     0x10a6 ./Core/Src/main.o
 .debug_info    0x000010a6     0x10d5 ./Core/Src/stm32h7rsxx_hal_msp.o
 .debug_info    0x0000217b      0x128 ./Core/Src/stm32h7rsxx_it.o
 .debug_info    0x000022a3      0x9bd ./Core/Src/system_stm32h7rsxx.o
 .debug_info    0x00002c60       0x30 ./Core/Startup/startup_stm32h7s7l8hxh.o
 .debug_info    0x00002c90     0x18bf ./Drivers/STM32H7RSxx_HAL_Driver/stm32h7rsxx_hal.o
 .debug_info    0x0000454f     0x1121 ./Drivers/STM32H7RSxx_HAL_Driver/stm32h7rsxx_hal_cortex.o
 .debug_info    0x00005670      0x702 ./Drivers/STM32H7RSxx_HAL_Driver/stm32h7rsxx_hal_gpio.o
 .debug_info    0x00005d72     0x1464 ./Drivers/STM32H7RSxx_HAL_Driver/stm32h7rsxx_hal_rcc.o
 .debug_info    0x000071d6      0xd71 ./Drivers/STM32H7RSxx_HAL_Driver/stm32h7rsxx_hal_rcc_ex.o
 .debug_info    0x00007f47     0x4a25 ./Drivers/STM32H7RSxx_HAL_Driver/stm32h7rsxx_hal_uart.o
 .debug_info    0x0000c96c     0x10ee ./Drivers/STM32H7RSxx_HAL_Driver/stm32h7rsxx_hal_uart_ex.o

.debug_abbrev   0x00000000     0x19ea
 .debug_abbrev  0x00000000      0x290 ./Core/Src/main.o
 .debug_abbrev  0x00000290      0x206 ./Core/Src/stm32h7rsxx_hal_msp.o
 .debug_abbrev  0x00000496       0x73 ./Core/Src/stm32h7rsxx_it.o
 .debug_abbrev  0x00000509      0x12e ./Core/Src/system_stm32h7rsxx.o
 .debug_abbrev  0x00000637       0x24 ./Core/Startup/startup_stm32h7s7l8hxh.o
 .debug_abbrev  0x0000065b      0x34a ./Drivers/STM32H7RSxx_HAL_Driver/stm32h7rsxx_hal.o
 .debug_abbrev  0x000009a5      0x31f ./Drivers/STM32H7RSxx_HAL_Driver/stm32h7rsxx_hal_cortex.o
 .debug_abbrev  0x00000cc4      0x1ec ./Drivers/STM32H7RSxx_HAL_Driver/stm32h7rsxx_hal_gpio.o
 .debug_abbrev  0x00000eb0      0x2df ./Drivers/STM32H7RSxx_HAL_Driver/stm32h7rsxx_hal_rcc.o
 .debug_abbrev  0x0000118f      0x24f ./Drivers/STM32H7RSxx_HAL_Driver/stm32h7rsxx_hal_rcc_ex.o
 .debug_abbrev  0x000013de      0x338 ./Drivers/STM32H7RSxx_HAL_Driver/stm32h7rsxx_hal_uart.o
 .debug_abbrev  0x00001716      0x2d4 ./Drivers/STM32H7RSxx_HAL_Driver/stm32h7rsxx_hal_uart_ex.o

.debug_aranges  0x00000000      0x9d8
 .debug_aranges
                0x00000000       0x40 ./Core/Src/main.o
 .debug_aranges
                0x00000040       0x30 ./Core/Src/stm32h7rsxx_hal_msp.o
 .debug_aranges
                0x00000070       0x60 ./Core/Src/stm32h7rsxx_it.o
 .debug_aranges
                0x000000d0       0x28 ./Core/Src/system_stm32h7rsxx.o
 .debug_aranges
                0x000000f8       0x28 ./Core/Startup/startup_stm32h7s7l8hxh.o
 .debug_aranges
                0x00000120      0x240 ./Drivers/STM32H7RSxx_HAL_Driver/stm32h7rsxx_hal.o
 .debug_aranges
                0x00000360      0x130 ./Drivers/STM32H7RSxx_HAL_Driver/stm32h7rsxx_hal_cortex.o
 .debug_aranges
                0x00000490       0x60 ./Drivers/STM32H7RSxx_HAL_Driver/stm32h7rsxx_hal_gpio.o
 .debug_aranges
                0x000004f0      0x130 ./Drivers/STM32H7RSxx_HAL_Driver/stm32h7rsxx_hal_rcc.o
 .debug_aranges
                0x00000620       0xc8 ./Drivers/STM32H7RSxx_HAL_Driver/stm32h7rsxx_hal_rcc_ex.o
 .debug_aranges
                0x000006e8      0x248 ./Drivers/STM32H7RSxx_HAL_Driver/stm32h7rsxx_hal_uart.o
 .debug_aranges
                0x00000930       0xa8 ./Drivers/STM32H7RSxx_HAL_Driver/stm32h7rsxx_hal_uart_ex.o

.debug_rnglists
                0x00000000      0x790
 .debug_rnglists
                0x00000000       0x2c ./Core/Src/main.o
 .debug_rnglists
                0x0000002c       0x20 ./Core/Src/stm32h7rsxx_hal_msp.o
 .debug_rnglists
                0x0000004c       0x43 ./Core/Src/stm32h7rsxx_it.o
 .debug_rnglists
                0x0000008f       0x1a ./Core/Src/system_stm32h7rsxx.o
 .debug_rnglists
                0x000000a9       0x19 ./Core/Startup/startup_stm32h7s7l8hxh.o
 .debug_rnglists
                0x000000c2      0x1ae ./Drivers/STM32H7RSxx_HAL_Driver/stm32h7rsxx_hal.o
 .debug_rnglists
                0x00000270       0xe0 ./Drivers/STM32H7RSxx_HAL_Driver/stm32h7rsxx_hal_cortex.o
 .debug_rnglists
                0x00000350       0x45 ./Drivers/STM32H7RSxx_HAL_Driver/stm32h7rsxx_hal_gpio.o
 .debug_rnglists
                0x00000395       0xea ./Drivers/STM32H7RSxx_HAL_Driver/stm32h7rsxx_hal_rcc.o
 .debug_rnglists
                0x0000047f       0x98 ./Drivers/STM32H7RSxx_HAL_Driver/stm32h7rsxx_hal_rcc_ex.o
 .debug_rnglists
                0x00000517      0x1fa ./Drivers/STM32H7RSxx_HAL_Driver/stm32h7rsxx_hal_uart.o
 .debug_rnglists
                0x00000711       0x7f ./Drivers/STM32H7RSxx_HAL_Driver/stm32h7rsxx_hal_uart_ex.o

.debug_macro    0x00000000    0x302a0
 .debug_macro   0x00000000      0x280 ./Core/Src/main.o
 .debug_macro   0x00000280      0xacc ./Core/Src/main.o
 .debug_macro   0x00000d4c      0x1a1 ./Core/Src/main.o
 .debug_macro   0x00000eed       0x2e ./Core/Src/main.o
 .debug_macro   0x00000f1b       0x42 ./Core/Src/main.o
 .debug_macro   0x00000f5d       0x22 ./Core/Src/main.o
 .debug_macro   0x00000f7f       0x8e ./Core/Src/main.o
 .debug_macro   0x0000100d       0x51 ./Core/Src/main.o
 .debug_macro   0x0000105e      0x103 ./Core/Src/main.o
 .debug_macro   0x00001161       0x6a ./Core/Src/main.o
 .debug_macro   0x000011cb      0x1df ./Core/Src/main.o
 .debug_macro   0x000013aa       0x1c ./Core/Src/main.o
 .debug_macro   0x000013c6       0x22 ./Core/Src/main.o
 .debug_macro   0x000013e8       0xfb ./Core/Src/main.o
 .debug_macro   0x000014e3     0x1313 ./Core/Src/main.o
 .debug_macro   0x000027f6      0x11f ./Core/Src/main.o
 .debug_macro   0x00002915       0x22 ./Core/Src/main.o
 .debug_macro   0x00002937    0x21de4 ./Core/Src/main.o
 .debug_macro   0x0002471b       0x6d ./Core/Src/main.o
 .debug_macro   0x00024788     0x346a ./Core/Src/main.o
 .debug_macro   0x00027bf2       0x61 ./Core/Src/main.o
 .debug_macro   0x00027c53       0x29 ./Core/Src/main.o
 .debug_macro   0x00027c7c       0x43 ./Core/Src/main.o
 .debug_macro   0x00027cbf       0x34 ./Core/Src/main.o
 .debug_macro   0x00027cf3      0x189 ./Core/Src/main.o
 .debug_macro   0x00027e7c       0x16 ./Core/Src/main.o
 .debug_macro   0x00027e92       0x43 ./Core/Src/main.o
 .debug_macro   0x00027ed5       0x34 ./Core/Src/main.o
 .debug_macro   0x00027f09       0x10 ./Core/Src/main.o
 .debug_macro   0x00027f19       0x58 ./Core/Src/main.o
 .debug_macro   0x00027f71       0x8e ./Core/Src/main.o
 .debug_macro   0x00027fff       0x1c ./Core/Src/main.o
 .debug_macro   0x0002801b      0x177 ./Core/Src/main.o
 .debug_macro   0x00028192      0x369 ./Core/Src/main.o
 .debug_macro   0x000284fb      0x19b ./Core/Src/main.o
 .debug_macro   0x00028696       0x64 ./Core/Src/main.o
 .debug_macro   0x000286fa      0xab5 ./Core/Src/main.o
 .debug_macro   0x000291af     0x1fa0 ./Core/Src/main.o
 .debug_macro   0x0002b14f      0x93a ./Core/Src/main.o
 .debug_macro   0x0002ba89      0x170 ./Core/Src/main.o
 .debug_macro   0x0002bbf9      0x1ba ./Core/Src/main.o
 .debug_macro   0x0002bdb3      0x2e8 ./Core/Src/main.o
 .debug_macro   0x0002c09b      0x590 ./Core/Src/main.o
 .debug_macro   0x0002c62b      0x52e ./Core/Src/main.o
 .debug_macro   0x0002cb59       0xba ./Core/Src/main.o
 .debug_macro   0x0002cc13      0x27c ./Core/Src/main.o
 .debug_macro   0x0002ce8f      0x2c0 ./Core/Src/main.o
 .debug_macro   0x0002d14f      0x433 ./Core/Src/main.o
 .debug_macro   0x0002d582       0xb0 ./Core/Src/main.o
 .debug_macro   0x0002d632      0x11c ./Core/Src/main.o
 .debug_macro   0x0002d74e      0x210 ./Core/Src/main.o
 .debug_macro   0x0002d95e      0x2a0 ./Core/Src/main.o
 .debug_macro   0x0002dbfe       0x3c ./Core/Src/main.o
 .debug_macro   0x0002dc3a      0x693 ./Core/Src/main.o
 .debug_macro   0x0002e2cd       0xa6 ./Core/Src/main.o
 .debug_macro   0x0002e373      0x587 ./Core/Src/main.o
 .debug_macro   0x0002e8fa      0x280 ./Core/Src/stm32h7rsxx_hal_msp.o
 .debug_macro   0x0002eb7a      0x28a ./Core/Src/stm32h7rsxx_it.o
 .debug_macro   0x0002ee04      0x27c ./Core/Src/system_stm32h7rsxx.o
 .debug_macro   0x0002f080      0x2b8 ./Drivers/STM32H7RSxx_HAL_Driver/stm32h7rsxx_hal.o
 .debug_macro   0x0002f338      0x276 ./Drivers/STM32H7RSxx_HAL_Driver/stm32h7rsxx_hal_cortex.o
 .debug_macro   0x0002f5ae      0x27d ./Drivers/STM32H7RSxx_HAL_Driver/stm32h7rsxx_hal_gpio.o
 .debug_macro   0x0002f82b      0x2dc ./Drivers/STM32H7RSxx_HAL_Driver/stm32h7rsxx_hal_rcc.o
 .debug_macro   0x0002fb07      0x276 ./Drivers/STM32H7RSxx_HAL_Driver/stm32h7rsxx_hal_rcc_ex.o
 .debug_macro   0x0002fd7d      0x2a1 ./Drivers/STM32H7RSxx_HAL_Driver/stm32h7rsxx_hal_uart.o
 .debug_macro   0x0003001e      0x282 ./Drivers/STM32H7RSxx_HAL_Driver/stm32h7rsxx_hal_uart_ex.o

.debug_line     0x00000000     0xd5c0
 .debug_line    0x00000000      0x9bc ./Core/Src/main.o
 .debug_line    0x000009bc      0x914 ./Core/Src/stm32h7rsxx_hal_msp.o
 .debug_line    0x000012d0      0x97c ./Core/Src/stm32h7rsxx_it.o
 .debug_line    0x00001c4c      0x9bd ./Core/Src/system_stm32h7rsxx.o
 .debug_line    0x00002609       0x7b ./Core/Startup/startup_stm32h7s7l8hxh.o
 .debug_line    0x00002684     0x1130 ./Drivers/STM32H7RSxx_HAL_Driver/stm32h7rsxx_hal.o
 .debug_line    0x000037b4      0xee9 ./Drivers/STM32H7RSxx_HAL_Driver/stm32h7rsxx_hal_cortex.o
 .debug_line    0x0000469d      0xc8f ./Drivers/STM32H7RSxx_HAL_Driver/stm32h7rsxx_hal_gpio.o
 .debug_line    0x0000532c     0x1843 ./Drivers/STM32H7RSxx_HAL_Driver/stm32h7rsxx_hal_rcc.o
 .debug_line    0x00006b6f     0x1d04 ./Drivers/STM32H7RSxx_HAL_Driver/stm32h7rsxx_hal_rcc_ex.o
 .debug_line    0x00008873     0x3e18 ./Drivers/STM32H7RSxx_HAL_Driver/stm32h7rsxx_hal_uart.o
 .debug_line    0x0000c68b      0xf35 ./Drivers/STM32H7RSxx_HAL_Driver/stm32h7rsxx_hal_uart_ex.o

.debug_str      0x00000000   0x133fc1
 .debug_str     0x00000000   0x130424 ./Core/Src/main.o
                             0x1308ac (size before relaxing)
 .debug_str     0x00130424      0x34b ./Core/Src/stm32h7rsxx_hal_msp.o
                             0x1309f1 (size before relaxing)
 .debug_str     0x0013076f       0xcd ./Core/Src/stm32h7rsxx_it.o
                             0x12fdfd (size before relaxing)
 .debug_str     0x0013083c      0x1c9 ./Core/Src/system_stm32h7rsxx.o
                             0x1301b5 (size before relaxing)
 .debug_str     0x00130a05       0x45 ./Core/Startup/startup_stm32h7s7l8hxh.o
                                 0x8b (size before relaxing)
 .debug_str     0x00130a4a     0x1520 ./Drivers/STM32H7RSxx_HAL_Driver/stm32h7rsxx_hal.o
                             0x1316bb (size before relaxing)
 .debug_str     0x00131f6a      0x324 ./Drivers/STM32H7RSxx_HAL_Driver/stm32h7rsxx_hal_cortex.o
                             0x130cbd (size before relaxing)
 .debug_str     0x0013228e      0x197 ./Drivers/STM32H7RSxx_HAL_Driver/stm32h7rsxx_hal_gpio.o
                             0x1300a0 (size before relaxing)
 .debug_str     0x00132425      0xa47 ./Drivers/STM32H7RSxx_HAL_Driver/stm32h7rsxx_hal_rcc.o
                             0x130b56 (size before relaxing)
 .debug_str     0x00132e6c      0x3de ./Drivers/STM32H7RSxx_HAL_Driver/stm32h7rsxx_hal_rcc_ex.o
                             0x130906 (size before relaxing)
 .debug_str     0x0013324a      0xacf ./Drivers/STM32H7RSxx_HAL_Driver/stm32h7rsxx_hal_uart.o
                             0x131203 (size before relaxing)
 .debug_str     0x00133d19      0x2a8 ./Drivers/STM32H7RSxx_HAL_Driver/stm32h7rsxx_hal_uart_ex.o
                             0x130837 (size before relaxing)

.comment        0x00000000       0x43
 .comment       0x00000000       0x43 ./Core/Src/main.o
                                 0x44 (size before relaxing)
 .comment       0x00000043       0x44 ./Core/Src/stm32h7rsxx_hal_msp.o
 .comment       0x00000043       0x44 ./Core/Src/stm32h7rsxx_it.o
 .comment       0x00000043       0x44 ./Core/Src/system_stm32h7rsxx.o
 .comment       0x00000043       0x44 ./Drivers/STM32H7RSxx_HAL_Driver/stm32h7rsxx_hal.o
 .comment       0x00000043       0x44 ./Drivers/STM32H7RSxx_HAL_Driver/stm32h7rsxx_hal_cortex.o
 .comment       0x00000043       0x44 ./Drivers/STM32H7RSxx_HAL_Driver/stm32h7rsxx_hal_gpio.o
 .comment       0x00000043       0x44 ./Drivers/STM32H7RSxx_HAL_Driver/stm32h7rsxx_hal_rcc.o
 .comment       0x00000043       0x44 ./Drivers/STM32H7RSxx_HAL_Driver/stm32h7rsxx_hal_rcc_ex.o
 .comment       0x00000043       0x44 ./Drivers/STM32H7RSxx_HAL_Driver/stm32h7rsxx_hal_uart.o
 .comment       0x00000043       0x44 ./Drivers/STM32H7RSxx_HAL_Driver/stm32h7rsxx_hal_uart_ex.o

.debug_frame    0x00000000     0x28d0
 .debug_frame   0x00000000       0xa8 ./Core/Src/main.o
 .debug_frame   0x000000a8       0x7c ./Core/Src/stm32h7rsxx_hal_msp.o
 .debug_frame   0x00000124      0x104 ./Core/Src/stm32h7rsxx_it.o
 .debug_frame   0x00000228       0x58 ./Core/Src/system_stm32h7rsxx.o
 .debug_frame   0x00000280      0x9a0 ./Drivers/STM32H7RSxx_HAL_Driver/stm32h7rsxx_hal.o
 .debug_frame   0x00000c20      0x508 ./Drivers/STM32H7RSxx_HAL_Driver/stm32h7rsxx_hal_cortex.o
 .debug_frame   0x00001128      0x174 ./Drivers/STM32H7RSxx_HAL_Driver/stm32h7rsxx_hal_gpio.o
 .debug_frame   0x0000129c      0x510 ./Drivers/STM32H7RSxx_HAL_Driver/stm32h7rsxx_hal_rcc.o
 .debug_frame   0x000017ac      0x32c ./Drivers/STM32H7RSxx_HAL_Driver/stm32h7rsxx_hal_rcc_ex.o
 .debug_frame   0x00001ad8      0xa8c ./Drivers/STM32H7RSxx_HAL_Driver/stm32h7rsxx_hal_uart.o
 .debug_frame   0x00002564      0x2c0 ./Drivers/STM32H7RSxx_HAL_Driver/stm32h7rsxx_hal_uart_ex.o
 .debug_frame   0x00002824       0x20 C:/ST/STM32CubeIDE_1.15.1/STM32CubeIDE/plugins/com.st.stm32cube.ide.mcu.externaltools.gnu-tools-for-stm32.12.3.rel1.win32_1.0.100.202403111256/tools/bin/../lib/gcc/arm-none-eabi/12.3.1/../../../../arm-none-eabi/lib/thumb/v7e-m+dp/hard\libc_nano.a(libc_a-memset.o)
 .debug_frame   0x00002844       0x2c C:/ST/STM32CubeIDE_1.15.1/STM32CubeIDE/plugins/com.st.stm32cube.ide.mcu.externaltools.gnu-tools-for-stm32.12.3.rel1.win32_1.0.100.202403111256/tools/bin/../lib/gcc/arm-none-eabi/12.3.1/../../../../arm-none-eabi/lib/thumb/v7e-m+dp/hard\libc_nano.a(libc_a-init.o)
 .debug_frame   0x00002870       0x2c C:/ST/STM32CubeIDE_1.15.1/STM32CubeIDE/plugins/com.st.stm32cube.ide.mcu.externaltools.gnu-tools-for-stm32.12.3.rel1.win32_1.0.100.202403111256/tools/bin/../lib/gcc/arm-none-eabi/12.3.1/thumb/v7e-m+dp/hard\libgcc.a(_aeabi_uldivmod.o)
 .debug_frame   0x0000289c       0x34 C:/ST/STM32CubeIDE_1.15.1/STM32CubeIDE/plugins/com.st.stm32cube.ide.mcu.externaltools.gnu-tools-for-stm32.12.3.rel1.win32_1.0.100.202403111256/tools/bin/../lib/gcc/arm-none-eabi/12.3.1/thumb/v7e-m+dp/hard\libgcc.a(_udivmoddi4.o)

.debug_line_str
                0x00000000       0x6f
 .debug_line_str
                0x00000000       0x6f ./Core/Startup/startup_stm32h7s7l8hxh.o
