C:/Users/natha/STM32CubeIDE/workspace_1.15.1/DemoBootLoad/Drivers/STM32H7RSxx_HAL_Driver/Src/stm32h7rsxx_hal_rcc_ex.c:105:19:HAL_RCCEx_PeriphCLKConfig	32	static
C:/Users/natha/STM32CubeIDE/workspace_1.15.1/DemoBootLoad/Drivers/STM32H7RSxx_HAL_Driver/Src/stm32h7rsxx_hal_rcc_ex.c:1404:6:HAL_RCCEx_GetPeriphCLKConfig	16	static
C:/Users/natha/STM32CubeIDE/workspace_1.15.1/DemoBootLoad/Drivers/STM32H7RSxx_HAL_Driver/Src/stm32h7rsxx_hal_rcc_ex.c:1530:10:HAL_RCCEx_GetPeriphCLKFreq	32	static
C:/Users/natha/STM32CubeIDE/workspace_1.15.1/DemoBootLoad/Drivers/STM32H7RSxx_HAL_Driver/Src/stm32h7rsxx_hal_rcc_ex.c:2681:6:HAL_RCCEx_EnableClockProtection	16	static
C:/Users/natha/STM32CubeIDE/workspace_1.15.1/DemoBootLoad/Drivers/STM32H7RSxx_HAL_Driver/Src/stm32h7rsxx_hal_rcc_ex.c:2697:6:HAL_RCCEx_DisableClockProtection	16	static
C:/Users/natha/STM32CubeIDE/workspace_1.15.1/DemoBootLoad/Drivers/STM32H7RSxx_HAL_Driver/Src/stm32h7rsxx_hal_rcc_ex.c:2721:6:HAL_RCCEx_EnableLSECSS	4	static
C:/Users/natha/STM32CubeIDE/workspace_1.15.1/DemoBootLoad/Drivers/STM32H7RSxx_HAL_Driver/Src/stm32h7rsxx_hal_rcc_ex.c:2732:6:HAL_RCCEx_DisableLSECSS	4	static
C:/Users/natha/STM32CubeIDE/workspace_1.15.1/DemoBootLoad/Drivers/STM32H7RSxx_HAL_Driver/Src/stm32h7rsxx_hal_rcc_ex.c:2744:6:HAL_RCCEx_EnableLSECSS_IT	4	static
C:/Users/natha/STM32CubeIDE/workspace_1.15.1/DemoBootLoad/Drivers/STM32H7RSxx_HAL_Driver/Src/stm32h7rsxx_hal_rcc_ex.c:2767:6:HAL_RCCEx_WakeUpStopCLKConfig	16	static
C:/Users/natha/STM32CubeIDE/workspace_1.15.1/DemoBootLoad/Drivers/STM32H7RSxx_HAL_Driver/Src/stm32h7rsxx_hal_rcc_ex.c:2782:6:HAL_RCCEx_KerWakeUpStopCLKConfig	16	static
C:/Users/natha/STM32CubeIDE/workspace_1.15.1/DemoBootLoad/Drivers/STM32H7RSxx_HAL_Driver/Src/stm32h7rsxx_hal_rcc_ex.c:2793:6:HAL_RCCEx_LSECSS_IRQHandler	8	static
C:/Users/natha/STM32CubeIDE/workspace_1.15.1/DemoBootLoad/Drivers/STM32H7RSxx_HAL_Driver/Src/stm32h7rsxx_hal_rcc_ex.c:2810:13:HAL_RCCEx_LSECSS_Callback	4	static
C:/Users/natha/STM32CubeIDE/workspace_1.15.1/DemoBootLoad/Drivers/STM32H7RSxx_HAL_Driver/Src/stm32h7rsxx_hal_rcc_ex.c:2890:6:HAL_RCCEx_CRSConfig	24	static
C:/Users/natha/STM32CubeIDE/workspace_1.15.1/DemoBootLoad/Drivers/STM32H7RSxx_HAL_Driver/Src/stm32h7rsxx_hal_rcc_ex.c:2932:6:HAL_RCCEx_CRSSoftwareSynchronizationGenerate	4	static
C:/Users/natha/STM32CubeIDE/workspace_1.15.1/DemoBootLoad/Drivers/STM32H7RSxx_HAL_Driver/Src/stm32h7rsxx_hal_rcc_ex.c:2942:6:HAL_RCCEx_CRSGetSynchronizationInfo	16	static
C:/Users/natha/STM32CubeIDE/workspace_1.15.1/DemoBootLoad/Drivers/STM32H7RSxx_HAL_Driver/Src/stm32h7rsxx_hal_rcc_ex.c:2975:10:HAL_RCCEx_CRSWaitSynchronization	24	static
C:/Users/natha/STM32CubeIDE/workspace_1.15.1/DemoBootLoad/Drivers/STM32H7RSxx_HAL_Driver/Src/stm32h7rsxx_hal_rcc_ex.c:3058:6:HAL_RCCEx_CRS_IRQHandler	24	static
C:/Users/natha/STM32CubeIDE/workspace_1.15.1/DemoBootLoad/Drivers/STM32H7RSxx_HAL_Driver/Src/stm32h7rsxx_hal_rcc_ex.c:3123:13:HAL_RCCEx_CRS_SyncOkCallback	4	static
C:/Users/natha/STM32CubeIDE/workspace_1.15.1/DemoBootLoad/Drivers/STM32H7RSxx_HAL_Driver/Src/stm32h7rsxx_hal_rcc_ex.c:3134:13:HAL_RCCEx_CRS_SyncWarnCallback	4	static
C:/Users/natha/STM32CubeIDE/workspace_1.15.1/DemoBootLoad/Drivers/STM32H7RSxx_HAL_Driver/Src/stm32h7rsxx_hal_rcc_ex.c:3145:13:HAL_RCCEx_CRS_ExpectedSyncCallback	4	static
C:/Users/natha/STM32CubeIDE/workspace_1.15.1/DemoBootLoad/Drivers/STM32H7RSxx_HAL_Driver/Src/stm32h7rsxx_hal_rcc_ex.c:3161:13:HAL_RCCEx_CRS_ErrorCallback	16	static
C:/Users/natha/STM32CubeIDE/workspace_1.15.1/DemoBootLoad/Drivers/STM32H7RSxx_HAL_Driver/Src/stm32h7rsxx_hal_rcc_ex.c:3184:17:RCC_GetCLKPFreq	16	static
