C:/Users/natha/STM32CubeIDE/workspace_1.15.1/DemoBootLoad/Drivers/STM32H7RSxx_HAL_Driver/Src/stm32h7rsxx_hal_flash_ex.c:175:19:HAL_FLASHEx_Erase	24	static
C:/Users/natha/STM32CubeIDE/workspace_1.15.1/DemoBootLoad/Drivers/STM32H7RSxx_HAL_Driver/Src/stm32h7rsxx_hal_flash_ex.c:241:19:HAL_FLASHEx_Erase_IT	24	static
C:/Users/natha/STM32CubeIDE/workspace_1.15.1/DemoBootLoad/Drivers/STM32H7RSxx_HAL_Driver/Src/stm32h7rsxx_hal_flash_ex.c:302:19:HAL_FLASHEx_OBProgram	24	static
C:/Users/natha/STM32CubeIDE/workspace_1.15.1/DemoBootLoad/Drivers/STM32H7RSxx_HAL_Driver/Src/stm32h7rsxx_hal_flash_ex.c:374:6:HAL_FLASHEx_OBGetConfig	16	static
C:/Users/natha/STM32CubeIDE/workspace_1.15.1/DemoBootLoad/Drivers/STM32H7RSxx_HAL_Driver/Src/stm32h7rsxx_hal_flash_ex.c:424:19:HAL_FLASHEx_OTPLockConfig	24	static
C:/Users/natha/STM32CubeIDE/workspace_1.15.1/DemoBootLoad/Drivers/STM32H7RSxx_HAL_Driver/Src/stm32h7rsxx_hal_flash_ex.c:472:10:HAL_FLASHEx_GetOTPLock	4	static
C:/Users/natha/STM32CubeIDE/workspace_1.15.1/DemoBootLoad/Drivers/STM32H7RSxx_HAL_Driver/Src/stm32h7rsxx_hal_flash_ex.c:489:19:HAL_FLASHEx_KeyConfig	32	static
C:/Users/natha/STM32CubeIDE/workspace_1.15.1/DemoBootLoad/Drivers/STM32H7RSxx_HAL_Driver/Src/stm32h7rsxx_hal_flash_ex.c:574:19:HAL_FLASHEx_GetKey	32	static
C:/Users/natha/STM32CubeIDE/workspace_1.15.1/DemoBootLoad/Drivers/STM32H7RSxx_HAL_Driver/Src/stm32h7rsxx_hal_flash_ex.c:636:19:HAL_FLASHEx_ComputeCRC	24	static
C:/Users/natha/STM32CubeIDE/workspace_1.15.1/DemoBootLoad/Drivers/STM32H7RSxx_HAL_Driver/Src/stm32h7rsxx_hal_flash_ex.c:735:6:HAL_FLASHEx_EnableEccCorrectionInterrupt	4	static
C:/Users/natha/STM32CubeIDE/workspace_1.15.1/DemoBootLoad/Drivers/STM32H7RSxx_HAL_Driver/Src/stm32h7rsxx_hal_flash_ex.c:744:6:HAL_FLASHEx_DisableEccCorrectionInterrupt	4	static
C:/Users/natha/STM32CubeIDE/workspace_1.15.1/DemoBootLoad/Drivers/STM32H7RSxx_HAL_Driver/Src/stm32h7rsxx_hal_flash_ex.c:753:6:HAL_FLASHEx_EnableEccDetectionInterrupt	4	static
C:/Users/natha/STM32CubeIDE/workspace_1.15.1/DemoBootLoad/Drivers/STM32H7RSxx_HAL_Driver/Src/stm32h7rsxx_hal_flash_ex.c:762:6:HAL_FLASHEx_DisableEccDetectionInterrupt	4	static
C:/Users/natha/STM32CubeIDE/workspace_1.15.1/DemoBootLoad/Drivers/STM32H7RSxx_HAL_Driver/Src/stm32h7rsxx_hal_flash_ex.c:775:6:HAL_FLASHEx_GetEccInfo	16	static
C:/Users/natha/STM32CubeIDE/workspace_1.15.1/DemoBootLoad/Drivers/STM32H7RSxx_HAL_Driver/Src/stm32h7rsxx_hal_flash_ex.c:819:6:HAL_FLASHEx_ECCD_IRQHandler	8	static
C:/Users/natha/STM32CubeIDE/workspace_1.15.1/DemoBootLoad/Drivers/STM32H7RSxx_HAL_Driver/Src/stm32h7rsxx_hal_flash_ex.c:836:13:HAL_FLASHEx_EccCorrectionCallback	4	static
C:/Users/natha/STM32CubeIDE/workspace_1.15.1/DemoBootLoad/Drivers/STM32H7RSxx_HAL_Driver/Src/stm32h7rsxx_hal_flash_ex.c:847:13:HAL_FLASHEx_EccDetectionCallback	4	static
C:/Users/natha/STM32CubeIDE/workspace_1.15.1/DemoBootLoad/Drivers/STM32H7RSxx_HAL_Driver/Src/stm32h7rsxx_hal_flash_ex.c:871:13:FLASH_MassErase	4	static
C:/Users/natha/STM32CubeIDE/workspace_1.15.1/DemoBootLoad/Drivers/STM32H7RSxx_HAL_Driver/Src/stm32h7rsxx_hal_flash_ex.c:883:6:FLASH_SectorErase	16	static
C:/Users/natha/STM32CubeIDE/workspace_1.15.1/DemoBootLoad/Drivers/STM32H7RSxx_HAL_Driver/Src/stm32h7rsxx_hal_flash_ex.c:905:13:FLASH_OB_WRPConfig	16	static
C:/Users/natha/STM32CubeIDE/workspace_1.15.1/DemoBootLoad/Drivers/STM32H7RSxx_HAL_Driver/Src/stm32h7rsxx_hal_flash_ex.c:936:13:FLASH_OB_UserConfig	32	static
C:/Users/natha/STM32CubeIDE/workspace_1.15.1/DemoBootLoad/Drivers/STM32H7RSxx_HAL_Driver/Src/stm32h7rsxx_hal_flash_ex.c:1102:13:FLASH_OB_HDPConfig	16	static
C:/Users/natha/STM32CubeIDE/workspace_1.15.1/DemoBootLoad/Drivers/STM32H7RSxx_HAL_Driver/Src/stm32h7rsxx_hal_flash_ex.c:1122:13:FLASH_OB_NVConfig	16	static
C:/Users/natha/STM32CubeIDE/workspace_1.15.1/DemoBootLoad/Drivers/STM32H7RSxx_HAL_Driver/Src/stm32h7rsxx_hal_flash_ex.c:1139:13:FLASH_OB_GetWRP	16	static
C:/Users/natha/STM32CubeIDE/workspace_1.15.1/DemoBootLoad/Drivers/STM32H7RSxx_HAL_Driver/Src/stm32h7rsxx_hal_flash_ex.c:1164:13:FLASH_OB_GetUser	16	static
C:/Users/natha/STM32CubeIDE/workspace_1.15.1/DemoBootLoad/Drivers/STM32H7RSxx_HAL_Driver/Src/stm32h7rsxx_hal_flash_ex.c:1180:13:FLASH_OB_GetHDP	16	static
C:/Users/natha/STM32CubeIDE/workspace_1.15.1/DemoBootLoad/Drivers/STM32H7RSxx_HAL_Driver/Src/stm32h7rsxx_hal_flash_ex.c:1191:17:FLASH_OB_GetNV	4	static
C:/Users/natha/STM32CubeIDE/workspace_1.15.1/DemoBootLoad/Drivers/STM32H7RSxx_HAL_Driver/Src/stm32h7rsxx_hal_flash_ex.c:1201:17:FLASH_OB_GetRoT	4	static
C:/Users/natha/STM32CubeIDE/workspace_1.15.1/DemoBootLoad/Drivers/STM32H7RSxx_HAL_Driver/Src/stm32h7rsxx_hal_flash_ex.c:1211:17:FLASH_OB_GetEpoch	4	static
C:/Users/natha/STM32CubeIDE/workspace_1.15.1/DemoBootLoad/Drivers/STM32H7RSxx_HAL_Driver/Src/stm32h7rsxx_hal_flash_ex.c:1221:13:FLASH_CRC_AddSector	16	static
C:/Users/natha/STM32CubeIDE/workspace_1.15.1/DemoBootLoad/Drivers/STM32H7RSxx_HAL_Driver/Src/stm32h7rsxx_hal_flash_ex.c:1239:13:FLASH_CRC_SelectAddress	16	static
C:/Users/natha/STM32CubeIDE/workspace_1.15.1/DemoBootLoad/Drivers/STM32H7RSxx_HAL_Driver/Src/stm32h7rsxx_hal_flash_ex.c:1254:26:FLASH_CRC_WaitForLastOperation	24	static
